2026-09-01 16:27:56 URL:https://costruisciearreda.it/promo-casa/ [78776] -> "costruisciearreda-static/costruisciearreda.it/promo-casa/index.html" [1]
2026-09-01 16:27:56 URL:https://costruisciearreda.it/robots.txt [92/92] -> "costruisciearreda-static/costruisciearreda.it/robots.txt" [1]
2026-09-01 16:27:57 URL:https://costruisciearreda.it/wp-content/cache/wpo-minify/1788241814/assets/wpo-minify-header-a2018fbc.min.css [695139/695139] -> "costruisciearreda-static/costruisciearreda.it/wp-content/cache/wpo-minify/1788241814/assets/wpo-minify-header-a2018fbc.min.css" [1]
2026-09-01 16:27:59 URL:https://costruisciearreda.it/wp-content/themes/costruisciarreda-child/images/favicon/site.webmanifest [291/291] -> "costruisciearreda-static/costruisciearreda.it/wp-content/themes/costruisciarreda-child/images/favicon/site.webmanifest.html" [1]
2026-09-01 16:28:00 URL:https://costruisciearreda.it/wp-content/uploads/2024/11/Raggruppa-31.svg [11085/11085] -> "costruisciearreda-static/costruisciearreda.it/wp-content/uploads/2024/11/Raggruppa-31.svg" [1]
2026-09-01 16:28:01 URL:https://costruisciearreda.it/wp-content/uploads/2024/11/Promo2CA-1024x647.jpg [75080/75080] -> "costruisciearreda-static/costruisciearreda.it/wp-content/uploads/2024/11/Promo2CA-1024x647.jpg" [1]
2026-09-01 16:28:01 URL:https://costruisciearreda.it/wp-content/uploads/2024/11/Promo2CA-300x189.jpg [11700/11700] -> "costruisciearreda-static/costruisciearreda.it/wp-content/uploads/2024/11/Promo2CA-300x189.jpg" [1]
2026-09-01 16:28:01 URL:https://costruisciearreda.it/wp-content/uploads/2024/11/Promo2CA-768x485.jpg [49100/49100] -> "costruisciearreda-static/costruisciearreda.it/wp-content/uploads/2024/11/Promo2CA-768x485.jpg" [1]
2026-09-01 16:28:02 URL:https://costruisciearreda.it/wp-content/uploads/2024/11/Promo2CA.jpg [428750/428750] -> "costruisciearreda-static/costruisciearreda.it/wp-content/uploads/2024/11/Promo2CA.jpg" [1]
2026-09-01 16:28:02 URL:https://costruisciearreda.it/wp-content/uploads/2024/11/Raggruppa-1358-1.svg [11601/11601] -> "costruisciearreda-static/costruisciearreda.it/wp-content/uploads/2024/11/Raggruppa-1358-1.svg" [1]
https://costruisciearreda.it/wp-content/themes/costruisciarreda-child/images/linea.png:
2026-09-01 16:28:40 ERRORE 404: Not Found.
https://costruisciearreda.it/wp-content/themes/costruisciarreda-child/images/over-tooltip.png:
2026-09-01 16:28:41 ERRORE 404: Not Found.
2026-09-01 16:28:57 URL:https://costruisciearreda.it/soluzione-ceramiche/ [76731] -> "costruisciearreda-static/costruisciearreda.it/soluzione-ceramiche/index.html" [1]
2026-09-01 16:28:57 URL:https://costruisciearreda.it/wp-content/cache/wpo-minify/1788241814/assets/wpo-minify-header-a05d8fb6.min.css [694875/694875] -> "costruisciearreda-static/costruisciearreda.it/wp-content/cache/wpo-minify/1788241814/assets/wpo-minify-header-a05d8fb6.min.css" [1]
2026-09-01 16:28:58 URL:https://costruisciearreda.it/wp-content/uploads/2024/11/SoluzioneCeramiche-1024x647.jpg [89905/89905] -> "costruisciearreda-static/costruisciearreda.it/wp-content/uploads/2024/11/SoluzioneCeramiche-1024x647.jpg" [1]
2026-09-01 16:28:58 URL:https://costruisciearreda.it/wp-content/uploads/2024/11/SoluzioneCeramiche-300x189.jpg [12026/12026] -> "costruisciearreda-static/costruisciearreda.it/wp-content/uploads/2024/11/SoluzioneCeramiche-300x189.jpg" [1]
2026-09-01 16:28:59 URL:https://costruisciearreda.it/wp-content/uploads/2024/11/SoluzioneCeramiche-768x485.jpg [57270/57270] -> "costruisciearreda-static/costruisciearreda.it/wp-content/uploads/2024/11/SoluzioneCeramiche-768x485.jpg" [1]
2026-09-01 16:28:59 URL:https://costruisciearreda.it/wp-content/uploads/2024/11/SoluzioneCeramiche.jpg [476909/476909] -> "costruisciearreda-static/costruisciearreda.it/wp-content/uploads/2024/11/SoluzioneCeramiche.jpg" [1]
https://costruisciearreda.it/wp-content/themes/costruisciarreda-child/images/linea.png:
2026-09-01 16:29:00 ERRORE 404: Not Found.
https://costruisciearreda.it/wp-content/themes/costruisciarreda-child/images/over-tooltip.png:
2026-09-01 16:29:01 ERRORE 404: Not Found.
2026-09-01 16:29:02 URL:https://costruisciearreda.it/richiedi-preventivo-2/ [55633] -> "costruisciearreda-static/costruisciearreda.it/richiedi-preventivo-2/index.html" [1]
2026-09-01 16:29:02 URL:https://costruisciearreda.it/wp-content/cache/wpo-minify/1788241814/assets/wpo-minify-header-224e62d1.min.css [639253/639253] -> "costruisciearreda-static/costruisciearreda.it/wp-content/cache/wpo-minify/1788241814/assets/wpo-minify-header-224e62d1.min.css" [1]
https://costruisciearreda.it/wp-content/themes/costruisciarreda-child/images/linea.png:
2026-09-01 16:29:03 ERRORE 404: Not Found.
https://costruisciearreda.it/wp-content/themes/costruisciarreda-child/images/over-tooltip.png:
2026-09-01 16:29:04 ERRORE 404: Not Found.
2026-09-01 16:29:04 URL:https://costruisciearreda.it/preventivo-thankyou/ [66113] -> "costruisciearreda-static/costruisciearreda.it/preventivo-thankyou/index.html" [1]
2026-09-01 16:29:05 URL:https://costruisciearreda.it/wp-content/cache/wpo-minify/1788241814/assets/wpo-minify-header-75a3876a.min.css [689523/689523] -> "costruisciearreda-static/costruisciearreda.it/wp-content/cache/wpo-minify/1788241814/assets/wpo-minify-header-75a3876a.min.css" [1]
https://costruisciearreda.it/wp-content/themes/costruisciarreda-child/images/linea.png:
2026-09-01 16:29:06 ERRORE 404: Not Found.
https://costruisciearreda.it/wp-content/themes/costruisciarreda-child/images/over-tooltip.png:
2026-09-01 16:29:07 ERRORE 404: Not Found.
2026-09-01 16:29:08 URL:https://costruisciearreda.it/newsletter-thankyou/ [65843] -> "costruisciearreda-static/costruisciearreda.it/newsletter-thankyou/index.html" [1]
2026-09-01 16:29:08 URL:https://costruisciearreda.it/wp-content/cache/wpo-minify/1788241814/assets/wpo-minify-header-756d8768.min.css [677039/677039] -> "costruisciearreda-static/costruisciearreda.it/wp-content/cache/wpo-minify/1788241814/assets/wpo-minify-header-756d8768.min.css" [1]
https://costruisciearreda.it/wp-content/themes/costruisciarreda-child/images/linea.png:
2026-09-01 16:29:09 ERRORE 404: Not Found.
https://costruisciearreda.it/wp-content/themes/costruisciarreda-child/images/over-tooltip.png:
2026-09-01 16:29:10 ERRORE 404: Not Found.
2026-09-01 16:29:11 URL:https://costruisciearreda.it/thankyou-promo-6500/ [72680] -> "costruisciearreda-static/costruisciearreda.it/thankyou-promo-6500/index.html" [1]
2026-09-01 16:29:11 URL:https://costruisciearreda.it/wp-content/cache/wpo-minify/1788241814/assets/wpo-minify-header-9bc58fb6.min.css [691490/691490] -> "costruisciearreda-static/costruisciearreda.it/wp-content/cache/wpo-minify/1788241814/assets/wpo-minify-header-9bc58fb6.min.css" [1]
https://costruisciearreda.it/wp-content/themes/costruisciarreda-child/images/linea.png:
2026-09-01 16:29:12 ERRORE 404: Not Found.
https://costruisciearreda.it/wp-content/themes/costruisciarreda-child/images/over-tooltip.png:
2026-09-01 16:29:13 ERRORE 404: Not Found.
2026-09-01 16:29:14 URL:https://costruisciearreda.it/thankyou-progetta-gli-spazi/ [73208] -> "costruisciearreda-static/costruisciearreda.it/thankyou-progetta-gli-spazi/index.html" [1]
2026-09-01 16:29:15 URL:https://costruisciearreda.it/wp-content/cache/wpo-minify/1788241814/assets/wpo-minify-header-a7168fc0.min.css [692097/692097] -> "costruisciearreda-static/costruisciearreda.it/wp-content/cache/wpo-minify/1788241814/assets/wpo-minify-header-a7168fc0.min.css" [1]
2026-09-01 16:29:15 URL:https://costruisciearreda.it/wp-content/uploads/2024/11/Raggruppa-1727-1024x647.png [731616/731616] -> "costruisciearreda-static/costruisciearreda.it/wp-content/uploads/2024/11/Raggruppa-1727-1024x647.png" [1]
2026-09-01 16:29:16 URL:https://costruisciearreda.it/wp-content/uploads/2024/11/Raggruppa-1727-300x189.png [88910/88910] -> "costruisciearreda-static/costruisciearreda.it/wp-content/uploads/2024/11/Raggruppa-1727-300x189.png" [1]
2026-09-01 16:29:16 URL:https://costruisciearreda.it/wp-content/uploads/2024/11/Raggruppa-1727-768x485.png [453088/453088] -> "costruisciearreda-static/costruisciearreda.it/wp-content/uploads/2024/11/Raggruppa-1727-768x485.png" [1]
2026-09-01 16:29:17 URL:https://costruisciearreda.it/wp-content/uploads/2024/11/Raggruppa-1727.png [1163457/1163457] -> "costruisciearreda-static/costruisciearreda.it/wp-content/uploads/2024/11/Raggruppa-1727.png" [1]
https://costruisciearreda.it/wp-content/themes/costruisciarreda-child/images/linea.png:
2026-09-01 16:29:18 ERRORE 404: Not Found.
https://costruisciearreda.it/wp-content/themes/costruisciarreda-child/images/over-tooltip.png:
2026-09-01 16:29:19 ERRORE 404: Not Found.
2026-09-01 16:29:20 URL:https://costruisciearreda.it/services/ [51099] -> "costruisciearreda-static/costruisciearreda.it/services/index.html" [1]
https://costruisciearreda.it/wp-content/themes/jeansolutions/css/fonts/fontawesome-webfont.svg%3Fv=4.7.0:
2026-09-01 16:29:25 ERRORE 404: Not Found.
https://costruisciearreda.it/wp-content/plugins/wp-store-locator/font/fontello.svg%3F28897909:
2026-09-01 16:29:26 ERRORE 404: Not Found.
https://costruisciearreda.it/wp-content/themes/costruisciarreda-child/images/linea.png:
2026-09-01 16:29:27 ERRORE 404: Not Found.
https://costruisciearreda.it/wp-content/themes/costruisciarreda-child/images/over-tooltip.png:
2026-09-01 16:29:28 ERRORE 404: Not Found.
2026-09-01 16:29:28 URL:https://costruisciearreda.it/realizzazioni/ [53948] -> "costruisciearreda-static/costruisciearreda.it/realizzazioni/index.html" [1]
2026-09-01 16:29:40 URL:https://costruisciearreda.it/store/ [49346] -> "costruisciearreda-static/costruisciearreda.it/store/index.html" [1]
2026-09-01 16:29:41 URL:https://costruisciearreda.it/store/via-argine-625-80147-napoli-na/ [48242] -> "costruisciearreda-static/costruisciearreda.it/store/via-argine-625-80147-napoli-na/index.html" [1]
2026-09-01 16:29:42 URL:https://costruisciearreda.it/store/via-argine-625-80147-napoli-na-2/ [47635] -> "costruisciearreda-static/costruisciearreda.it/store/via-argine-625-80147-napoli-na-2/index.html" [1]
TERMINATO --2026-09-01 16:29:42--
Tempo totale: 1m 47s
Scaricati: 35 file, 8,8M in 1,8s (4,94 MB/s)
